// Jest Snapshot v1, https://goo.gl/fbAQLP

exports[`Board Components BoardContainer 1`] = `
<Fragment>
  <Title>
    Battle Simulator
  </Title>
  <BoardContainer>
    <Character
      image="warrior.png"
      order={0}
    />
    <Actions />
    <Character
      image="monster.png"
      order={1}
    />
  </BoardContainer>
</Fragment>
`;
